// Jest Snapshot v1, https://goo.gl/fbAQLP

exports[`Dicelang generates chat messages 1`] = `"min(10, 2) + max(2, 10) - ceil(2 / 3) * floor(10 / 3) / abs(2) + 2d10 (<Die faces={10} value={10} /> <Die faces={10} value={10} dropped />) + this + this[random] = 20.5"`;
